// Jest Snapshot v1, https://goo.gl/fbAQLP

exports[`smoke and snapshot tests renders to the ui 1`] = `
<section
  className="List"
>
  <header
    className="List-header"
  >
    <h2>
      test
    </h2>
  </header>
  <div
    className="List-cards"
  >
    <div
      className="Card"
    >
      <button
        type="button"
      >
        delete
      </button>
      <h3>
        random words go here
      </h3>
      <p>
        test content
      </p>
    </div>
    <button
      className="List-add-button"
      type="button"
    >
      + Add Random Card
    </button>
  </div>
</section>
`;
